Microsoft Windows [Version 10.0.14393]
(c) 2016 Microsoft Corporation. All rights reserved.

C:\Users\Lucky Cahyahandika>D:

D:\>cd D:\Kuliah\IT Perbankan DTS 2020\gradletutorial

D:\Kuliah\IT Perbankan DTS 2020\gradletutorial>cd helloworld

D:\Kuliah\IT Perbankan DTS 2020\gradletutorial\helloworld>gradle -q helloworld
hello, world

D:\Kuliah\IT Perbankan DTS 2020\gradletutorial\helloworld>gradle -q world
hello,
world
D:\Kuliah\IT Perbankan DTS 2020\gradletutorial\helloworld>gradle help --task world

> Task :help
Detailed task information for world

Path
     :world

Type
     Task (org.gradle.api.Task)

Description
     -

Group
     -

BUILD SUCCESSFUL in 6s
1 actionable task: 1 executed
D:\Kuliah\IT Perbankan DTS 2020\gradletutorial\helloworld>gradle help --task hello

> Task :help
Detailed task information for hello

Path
     :hello

Type
     Task (org.gradle.api.Task)

Description
     -

Group
     -

BUILD SUCCESSFUL in 3s
1 actionable task: 1 executed
D:\Kuliah\IT Perbankan DTS 2020\gradletutorial\helloworld>gradle -h

USAGE: gradle [option...] [task...]

-?, -h, --help                     Shows this help message.
-a, --no-rebuild                   Do not rebuild project dependencies.
-b, --build-file                   Specify the build file.
--build-cache                      Enables the Gradle build cache. Gradle will try to reuse outputs from previous builds.
-c, --settings-file                Specify the settings file.
--configuration-cache              Enables the configuration cache. Gradle will try to reuse the build configuration from previous builds. [incubating]
--configuration-cache-problems     Configures how the configuration cache handles problems (fail or warn). Defaults to fail. [incubating]
--configure-on-demand              Configure necessary projects only. Gradle will attempt to reduce configuration time for large multi-project builds. [incubating]
--console                          Specifies which type of console output to generate. Values are 'plain', 'auto' (default), 'rich' or 'verbose'.
--continue                         Continue task execution after a task failure.
-D, --system-prop                  Set system property of the JVM (e.g. -Dmyprop=myvalue).
-d, --debug                        Log in debug mode (includes normal stacktrace).
--daemon                           Uses the Gradle Daemon to run the build. Starts the Daemon if not running.
--export-keys                      Exports the public keys used for dependency verification. [incubating]
-F, --dependency-verification      Configures the dependency verification mode (strict, lenient or off) [incubating]
--foreground                       Starts the Gradle Daemon in the foreground.
-g, --gradle-user-home             Specifies the gradle user home directory.
-I, --init-script                  Specify an initialization script.
-i, --info                         Set log level to info.
--include-build                    Include the specified build in the composite.
-M, --write-verification-metadata  Generates checksums for dependencies used in the project (comma-separated list) [incubating]
-m, --dry-run                      Run the builds with all task actions disabled.
--max-workers                      Configure the number of concurrent workers Gradle is allowed to use.
--no-build-cache                   Disables the Gradle build cache.
--no-configuration-cache           Disables the configuration cache. [incubating]
--no-configure-on-demand           Disables the use of configuration on demand. [incubating]
--no-daemon                        Do not use the Gradle daemon to run the build. Useful occasionally if you have configured Gradle to always run with the daemon by default.
--no-parallel                      Disables parallel execution to build projects.
--no-scan                          Disables the creation of a build scan. For more information about build scans, please visit https://gradle.com/build-scans.
--no-watch-fs                      Disables watching the file system. [incubating]
--offline                          Execute the build without accessing network resources.
-P, --project-prop                 Set project property for the build script (e.g. -Pmyprop=myvalue).
-p, --project-dir                  Specifies the start directory for Gradle. Defaults to current directory.
--parallel                         Build projects in parallel. Gradle will attempt to determine the optimal number of executor threads to use.
--priority                         Specifies the scheduling priority for the Gradle daemon and all processes launched by it. Values are 'normal' (default) or 'low' [incubating]
--profile                          Profile build execution time and generates a report in the <build_dir>/reports/profile directory.
--project-cache-dir                Specify the project-specific cache directory. Defaults to .gradle in the root project directory.
-q, --quiet                        Log errors only.
--refresh-dependencies             Refresh the state of dependencies.
--refresh-keys                     Refresh the public keys used for dependency verification. [incubating]
--rerun-tasks                      Ignore previously cached task results.
-S, --full-stacktrace              Print out the full (very verbose) stacktrace for all exceptions.
-s, --stacktrace                   Print out the stacktrace for all exceptions.
--scan                             Creates a build scan. Gradle will emit a warning if the build scan plugin has not been applied. (https://gradle.com/build-scans)
--status                           Shows status of running and recently stopped Gradle Daemon(s).
--stop                             Stops the Gradle Daemon if it is running.
-t, --continuous                   Enables continuous build. Gradle does not exit and will re-execute tasks when task file inputs change.
--update-locks                     Perform a partial update of the dependency lock, letting passed in module notations change version. [incubating]
-v, --version                      Print version info.
-w, --warn                         Set log level to warn.
--warning-mode                     Specifies which mode of warnings to generate. Values are 'all', 'fail', 'summary'(default) or 'none'
--watch-fs                         Enables watching the file system for changes, allowing data about the file system to be re-used for the next build. [incubating]
--write-locks                      Persists dependency resolution for locked configurations, ignoring existing locking information if it exists [incubating]
-x, --exclude-task                 Specify a task to be excluded from execution.

D:\Kuliah\IT Perbankan DTS 2020\gradletutorial\helloworld>gradle -q world --profile
hello,
world
D:\Kuliah\IT Perbankan DTS 2020\gradletutorial\helloworld>cd..

D:\Kuliah\IT Perbankan DTS 2020\gradletutorial>cd groovytest

D:\Kuliah\IT Perbankan DTS 2020\gradletutorial\groovytest>gradle -q upperCase
Orginal: I am Gradle
Upper case: I AM GRADLE

D:\Kuliah\IT Perbankan DTS 2020\gradletutorial\groovytest>gradle -q counting
 0  1  2  3  4  5
D:\Kuliah\IT Perbankan DTS 2020\gradletutorial\groovytest>gradle -q upperCase
 0  1  2  3  4  5
Orginal: I am Gradle
Upper case: I AM GRADLE
D:\Kuliah\IT Perbankan DTS 2020\gradletutorial\groovytest>cd..

D:\Kuliah\IT Perbankan DTS 2020\gradletutorial>cd loopingtask

D:\Kuliah\IT Perbankan DTS 2020\gradletutorial\loopingtask>gradle -q task8
Task nomor-8
D:\Kuliah\IT Perbankan DTS 2020\gradletutorial\loopingtask>gradle -q task2
Task nomor-2
D:\Kuliah\IT Perbankan DTS 2020\gradletutorial\loopingtask>gradle -q task1
Task nomor-1
D:\Kuliah\IT Perbankan DTS 2020\gradletutorial\loopingtask>gradle -q task9

FAILURE: Build failed with an exception.

* What went wrong:
Task 'task9' not found in root project 'loopingtask'. Some candidates are: 'task0', 'task1', 'task2', 'task3', 'task4', 'task5', 'task6', 'task7', 'task8', 'tasks'.

* Try:
Run gradle tasks to get a list of available tasks. Run with --stacktrace option to get the stack trace. Run with --info or --debug option to get more log output. Run with --scan to get full insights.

* Get more help at https://help.gradle.org

BUILD FAILED in 3s

D:\Kuliah\IT Perbankan DTS 2020\gradletutorial\loopingtask>gradle -q task0
Task nomor-2
Task nomor-4
Task nomor-6
Task nomor-8
Task nomor-0
D:\Kuliah\IT Perbankan DTS 2020\gradletutorial\loopingtask>gradle -q task3
Task nomor-3
D:\Kuliah\IT Perbankan DTS 2020\gradletutorial\loopingtask>gradle -q task2
Task nomor-2

D:\Kuliah\IT Perbankan DTS 2020\gradletutorial\tasktutorial>gradle -q namatask
Action pertama ditambahkan ke dalam task.
Action kedua ditambahkan ke dalam task.
D:\Kuliah\IT Perbankan DTS 2020\gradletutorial\tasktutorial>cd ..

D:\Kuliah\IT Perbankan DTS 2020\gradletutorial>cd taskconfig

D:\Kuliah\IT Perbankan DTS 2020\gradletutorial\taskconfig>gradle -q konfigurasi
Setting up connection request
Checking network connection
Connection to server
Connection is established
D:\Kuliah\IT Perbankan DTS 2020\gradletutorial\taskconfig>cd ..

D:\Kuliah\IT Perbankan DTS 2020\gradletutorial>cd deftask

D:\Kuliah\IT Perbankan DTS 2020\gradletutorial\deftask>gradle -q closeConnection
Setting up datase connection...
Data successfully extracted
D:\Kuliah\IT Perbankan DTS 2020\gradletutorial\deftask>gradle -q closeConnection
Setting up datase connection...
Data successfully extracted
D:\Kuliah\IT Perbankan DTS 2020\gradletutorial\deftask>gradle -q closeConnection
Setting up datase connection...
Connection to Database...
Data successfully extracted
Database connection closed
D:\Kuliah\IT Perbankan DTS 2020\gradletutorial\deftask>cd ..

D:\Kuliah\IT Perbankan DTS 2020\gradletutorial>cd dofirst

D:\Kuliah\IT Perbankan DTS 2020\gradletutorial\dofirst>gradle -q extractDatabase
Connection to the database...
Extracting database metadata...
D:\Kuliah\IT Perbankan DTS 2020\gradletutorial\dofirst>gradle -q extractDatabase
Setting up connection to the database...
Connection to the database...
Extracting database metadata...

D:\Kuliah\IT Perbankan DTS 2020\gradletutorial\dofirst>gradle -q extractDatabase
Setting up connection to the database...
Connection to the database...
Extracting database metadata...
D:\Kuliah\IT Perbankan DTS 2020\gradletutorial\dofirst>gradle -q extractDatabase
Setting up connection to the database...
Connection to the database...
Extracting database metadata...
Downloading data...
Closing database connection...
Closing database connection...
D:\Kuliah\IT Perbankan DTS 2020\gradletutorial\dofirst>cd ..

D:\Kuliah\IT Perbankan DTS 2020\gradletutorial>cd ifonly

D:\Kuliah\IT Perbankan DTS 2020\gradletutorial\ifonly>gradle extractDatabase

> Task :extractData
Setting database connection.
Connection to the database.
Extracting database data.

> Task :extractDatabase
Zipping extract data to backupdata.zip
Closing database connection.

BUILD SUCCESSFUL in 4s
2 actionable tasks: 2 executed
D:\Kuliah\IT Perbankan DTS 2020\gradletutorial\ifonly>gradle -Dextract.metadata=true extractDatabase

> Task :extractData
Setting database connection.
Connection to the database.
Extracting database data.

> Task :extractMetadata
Extracting metadata.,

> Task :extractDatabase
Zipping extract data to backupdata.zip
Closing database connection.

BUILD SUCCESSFUL in 3s
3 actionable tasks: 3 executed

D:\Kuliah\IT Perbankan DTS 2020\gradletutorial\ifonly>cd ..

D:\Kuliah\IT Perbankan DTS 2020\gradletutorial>cd didwork

D:\Kuliah\IT Perbankan DTS 2020\gradletutorial\didwork>gradle

> Task :DisplayTasks
Task name is DisplayTasks
Task name is buildEnvironment
Task name is components
Task name is dependencies
Task name is dependencyInsight
Task name is dependentComponents
Task name is emptyTask
Task name is help
Task name is init
Task name is model
Task name is outgoingVariants
Task name is prepareKotlinBuildScriptModel
Task name is projects
Task name is properties
Task name is tasks
Task name is wrapper

BUILD SUCCESSFUL in 5s
1 actionable task: 1 executed

D:\Kuliah\IT Perbankan DTS 2020\gradletutorial\didwork>cd ..

D:\Kuliah\IT Perbankan DTS 2020\gradletutorial>cd makedir

D:\Kuliah\IT Perbankan DTS 2020\gradletutorial\makedir>gradle ensureDirectory

BUILD SUCCESSFUL in 7s
1 actionable task: 1 executed

D:\Kuliah\IT Perbankan DTS 2020\gradletutorial\copyManyFile>cd ..

D:\Kuliah\IT Perbankan DTS 2020\gradletutorial>cd copyPDF

D:\Kuliah\IT Perbankan DTS 2020\gradletutorial\copyPDF>gradle copyPdfReportForArchiving

BUILD SUCCESSFUL in 3s
1 actionable task: 1 executed

D:\Kuliah\IT Perbankan DTS 2020\gradletutorial\copyPDF>cd ..

D:\Kuliah\IT Perbankan DTS 2020\gradletutorial>cd copyAllPdf

D:\Kuliah\IT Perbankan DTS 2020\gradletutorial\copyAllPdf>gradle copyAllPdfReportsForArchiving

BUILD SUCCESSFUL in 3s
1 actionable task: 1 executed

D:\Kuliah\IT Perbankan DTS 2020\gradletutorial\copyAllPdf>cd ..

D:\Kuliah\IT Perbankan DTS 2020\gradletutorial>cd copyImg

D:\Kuliah\IT Perbankan DTS 2020\gradletutorial\copyImg>gradle copyReportDirForArchiving2

BUILD SUCCESSFUL in 5s
1 actionable task: 1 executed

D:\Kuliah\IT Perbankan DTS 2020\gradletutorial\copyImg>cd ..

D:\Kuliah\IT Perbankan DTS 2020\gradletutorial>cd moveFileDir

D:\Kuliah\IT Perbankan DTS 2020\gradletutorial\moveFileDir>gradle moveReports

BUILD SUCCESSFUL in 7s
1 actionable task: 1 executed

D:\Kuliah\IT Perbankan DTS 2020\gradletutorial>cd clean

D:\Kuliah\IT Perbankan DTS 2020\gradletutorial\clean>gradle myClean
Starting a Gradle Daemon, 1 incompatible and 1 stopped Daemons could not be reused, use --status for details

BUILD SUCCESSFUL in 1m 11s
1 actionable task: 1 up-to-date

D:\Kuliah\IT Perbankan DTS 2020\gradletutorial\clean>cd ..

D:\Kuliah\IT Perbankan DTS 2020\gradletutorial>cd cleanTemp

D:\Kuliah\IT Perbankan DTS 2020\gradletutorial\cleanTemp>gradle cleanTempFiles

BUILD SUCCESSFUL in 5s
1 actionable task: 1 up-to-date